[debug] [2026-05-15T05:22:05.039Z] ----------------------------------------------------------------------
[debug] [2026-05-15T05:22:05.042Z] Command:       C:\Program Files\nodejs\node.exe C:\Users\x1682\AppData\Roaming\npm\node_modules\firebase-tools\lib\bin\firebase.js deploy --only functions
[debug] [2026-05-15T05:22:05.042Z] CLI Version:   15.18.0
[debug] [2026-05-15T05:22:05.042Z] Platform:      win32
[debug] [2026-05-15T05:22:05.043Z] Node Version:  v24.15.0
[debug] [2026-05-15T05:22:05.043Z] Time:          Fri May 15 2026 14:22:05 GMT+0900 (한국 표준시)
[debug] [2026-05-15T05:22:05.043Z] ----------------------------------------------------------------------
[debug] 
[debug] [2026-05-15T05:22:06.363Z] > command requires scopes: ["email","openid","https://www.googleapis.com/auth/cloudplatformprojects.readonly","https://www.googleapis.com/auth/firebase","https://www.googleapis.com/auth/cloud-platform"]
[debug] [2026-05-15T05:22:06.364Z] > authorizing via signed-in user (youngseok1682@gmail.com)
[debug] [2026-05-15T05:22:06.364Z] [iam] checking project daily-net-95d28 for permissions ["cloudfunctions.functions.create","cloudfunctions.functions.delete","cloudfunctions.functions.get","cloudfunctions.functions.list","cloudfunctions.functions.update","cloudfunctions.operations.get","firebase.projects.get"]
[debug] [2026-05-15T05:22:06.365Z] Checked if tokens are valid: true, expires at: 1778826111760
[debug] [2026-05-15T05:22:06.365Z] Checked if tokens are valid: true, expires at: 1778826111760
[debug] [2026-05-15T05:22:06.366Z] >>> [apiv2][query] POST https://cloudresourcemanager.googleapis.com/v1/projects/daily-net-95d28:testIamPermissions [none]
[debug] [2026-05-15T05:22:06.366Z] >>> [apiv2][(partial)header] POST https://cloudresourcemanager.googleapis.com/v1/projects/daily-net-95d28:testIamPermissions  x-goog-user-project=daily-net-95d28
[debug] [2026-05-15T05:22:06.366Z] >>> [apiv2][body] POST https://cloudresourcemanager.googleapis.com/v1/projects/daily-net-95d28:testIamPermissions {"permissions":["cloudfunctions.functions.create","cloudfunctions.functions.delete","cloudfunctions.functions.get","cloudfunctions.functions.list","cloudfunctions.functions.update","cloudfunctions.operations.get","firebase.projects.get"]}
[debug] [2026-05-15T05:22:06.622Z] <<< [apiv2][status] POST https://cloudresourcemanager.googleapis.com/v1/projects/daily-net-95d28:testIamPermissions 200
[debug] [2026-05-15T05:22:06.623Z] <<< [apiv2][body] POST https://cloudresourcemanager.googleapis.com/v1/projects/daily-net-95d28:testIamPermissions {"permissions":["cloudfunctions.functions.create","cloudfunctions.functions.delete","cloudfunctions.functions.get","cloudfunctions.functions.list","cloudfunctions.functions.update","cloudfunctions.operations.get","firebase.projects.get"]}
[debug] [2026-05-15T05:22:06.623Z] Checked if tokens are valid: true, expires at: 1778826111760
[debug] [2026-05-15T05:22:06.623Z] Checked if tokens are valid: true, expires at: 1778826111760
[debug] [2026-05-15T05:22:06.624Z] >>> [apiv2][query] POST https://iam.googleapis.com/v1/projects/daily-net-95d28/serviceAccounts/daily-net-95d28@appspot.gserviceaccount.com:testIamPermissions [none]
[debug] [2026-05-15T05:22:06.624Z] >>> [apiv2][body] POST https://iam.googleapis.com/v1/projects/daily-net-95d28/serviceAccounts/daily-net-95d28@appspot.gserviceaccount.com:testIamPermissions {"permissions":["iam.serviceAccounts.actAs"]}
[debug] [2026-05-15T05:22:07.687Z] <<< [apiv2][status] POST https://iam.googleapis.com/v1/projects/daily-net-95d28/serviceAccounts/daily-net-95d28@appspot.gserviceaccount.com:testIamPermissions 200
[debug] [2026-05-15T05:22:07.687Z] <<< [apiv2][body] POST https://iam.googleapis.com/v1/projects/daily-net-95d28/serviceAccounts/daily-net-95d28@appspot.gserviceaccount.com:testIamPermissions {"permissions":["iam.serviceAccounts.actAs"]}
[info] 
[info] === Deploying to 'daily-net-95d28'...
[info] 
[info] i  deploying functions 
[debug] [2026-05-15T05:22:07.699Z] Checked if tokens are valid: true, expires at: 1778826111760
[debug] [2026-05-15T05:22:07.699Z] Checked if tokens are valid: true, expires at: 1778826111760
[debug] [2026-05-15T05:22:07.700Z] >>> [apiv2][query] GET https://serviceusage.googleapis.com/v1/projects/daily-net-95d28/services/cloudresourcemanager.googleapis.com [none]
[debug] [2026-05-15T05:22:07.700Z] >>> [apiv2][(partial)header] GET https://serviceusage.googleapis.com/v1/projects/daily-net-95d28/services/cloudresourcemanager.googleapis.com  x-goog-user-project=daily-net-95d28
[debug] [2026-05-15T05:22:08.822Z] <<< [apiv2][status] GET https://serviceusage.googleapis.com/v1/projects/daily-net-95d28/services/cloudresourcemanager.googleapis.com 200
[debug] [2026-05-15T05:22:08.822Z] <<< [apiv2][body] GET https://serviceusage.googleapis.com/v1/projects/daily-net-95d28/services/cloudresourcemanager.googleapis.com [omitted]
[debug] [2026-05-15T05:22:08.840Z] Checked if tokens are valid: true, expires at: 1778826111760
[debug] [2026-05-15T05:22:08.840Z] Checked if tokens are valid: true, expires at: 1778826111760
[debug] [2026-05-15T05:22:08.840Z] >>> [apiv2][query] GET https://cloudresourcemanager.googleapis.com/v1/projects/daily-net-95d28 [none]
[debug] [2026-05-15T05:22:09.064Z] <<< [apiv2][status] GET https://cloudresourcemanager.googleapis.com/v1/projects/daily-net-95d28 200
[debug] [2026-05-15T05:22:09.065Z] <<< [apiv2][body] GET https://cloudresourcemanager.googleapis.com/v1/projects/daily-net-95d28 {"projectNumber":"645757472034","projectId":"daily-net-95d28","lifecycleState":"ACTIVE","name":"Daily net","labels":{"firebase":"enabled","firebase-core":"disabled"},"createTime":"2026-05-12T03:26:17.579Z"}
[info] i  functions: preparing codebase default for deployment 
[info] i  functions: ensuring required API cloudfunctions.googleapis.com is enabled... 
[debug] [2026-05-15T05:22:09.072Z] Checked if tokens are valid: true, expires at: 1778826111760
[debug] [2026-05-15T05:22:09.072Z] Checked if tokens are valid: true, expires at: 1778826111760
[debug] [2026-05-15T05:22:09.073Z] Checked if tokens are valid: true, expires at: 1778826111760
[debug] [2026-05-15T05:22:09.073Z] Checked if tokens are valid: true, expires at: 1778826111760
[info] i  functions: ensuring required API cloudbuild.googleapis.com is enabled... 
[debug] [2026-05-15T05:22:09.076Z] Checked if tokens are valid: true, expires at: 1778826111760
[debug] [2026-05-15T05:22:09.076Z] Checked if tokens are valid: true, expires at: 1778826111760
[info] i  artifactregistry: ensuring required API artifactregistry.googleapis.com is enabled... 
[debug] [2026-05-15T05:22:09.078Z] Checked if tokens are valid: true, expires at: 1778826111760
[debug] [2026-05-15T05:22:09.079Z] Checked if tokens are valid: true, expires at: 1778826111760
[debug] [2026-05-15T05:22:09.079Z] >>> [apiv2][query] GET https://serviceusage.googleapis.com/v1/projects/daily-net-95d28/services/cloudfunctions.googleapis.com [none]
[debug] [2026-05-15T05:22:09.079Z] >>> [apiv2][(partial)header] GET https://serviceusage.googleapis.com/v1/projects/daily-net-95d28/services/cloudfunctions.googleapis.com  x-goog-user-project=daily-net-95d28
[debug] [2026-05-15T05:22:09.082Z] >>> [apiv2][query] GET https://serviceusage.googleapis.com/v1/projects/daily-net-95d28/services/runtimeconfig.googleapis.com [none]
[debug] [2026-05-15T05:22:09.082Z] >>> [apiv2][(partial)header] GET https://serviceusage.googleapis.com/v1/projects/daily-net-95d28/services/runtimeconfig.googleapis.com  x-goog-user-project=daily-net-95d28
[debug] [2026-05-15T05:22:09.086Z] >>> [apiv2][query] GET https://serviceusage.googleapis.com/v1/projects/daily-net-95d28/services/cloudbuild.googleapis.com [none]
[debug] [2026-05-15T05:22:09.086Z] >>> [apiv2][(partial)header] GET https://serviceusage.googleapis.com/v1/projects/daily-net-95d28/services/cloudbuild.googleapis.com  x-goog-user-project=daily-net-95d28
[debug] [2026-05-15T05:22:09.089Z] >>> [apiv2][query] GET https://serviceusage.googleapis.com/v1/projects/daily-net-95d28/services/artifactregistry.googleapis.com [none]
[debug] [2026-05-15T05:22:09.090Z] >>> [apiv2][(partial)header] GET https://serviceusage.googleapis.com/v1/projects/daily-net-95d28/services/artifactregistry.googleapis.com  x-goog-user-project=daily-net-95d28
[debug] [2026-05-15T05:22:09.393Z] <<< [apiv2][status] GET https://serviceusage.googleapis.com/v1/projects/daily-net-95d28/services/cloudfunctions.googleapis.com 200
[debug] [2026-05-15T05:22:09.394Z] <<< [apiv2][body] GET https://serviceusage.googleapis.com/v1/projects/daily-net-95d28/services/cloudfunctions.googleapis.com [omitted]
[info] +  functions: required API cloudfunctions.googleapis.com is enabled 
[debug] [2026-05-15T05:22:10.124Z] <<< [apiv2][status] GET https://serviceusage.googleapis.com/v1/projects/daily-net-95d28/services/runtimeconfig.googleapis.com 200
[debug] [2026-05-15T05:22:10.125Z] <<< [apiv2][body] GET https://serviceusage.googleapis.com/v1/projects/daily-net-95d28/services/runtimeconfig.googleapis.com [omitted]
[debug] [2026-05-15T05:22:10.203Z] <<< [apiv2][status] GET https://serviceusage.googleapis.com/v1/projects/daily-net-95d28/services/cloudbuild.googleapis.com 200
[debug] [2026-05-15T05:22:10.204Z] <<< [apiv2][body] GET https://serviceusage.googleapis.com/v1/projects/daily-net-95d28/services/cloudbuild.googleapis.com [omitted]
[info] +  functions: required API cloudbuild.googleapis.com is enabled 
[debug] [2026-05-15T05:22:10.218Z] <<< [apiv2][status] GET https://serviceusage.googleapis.com/v1/projects/daily-net-95d28/services/artifactregistry.googleapis.com 200
[debug] [2026-05-15T05:22:10.219Z] <<< [apiv2][body] GET https://serviceusage.googleapis.com/v1/projects/daily-net-95d28/services/artifactregistry.googleapis.com [omitted]
[info] +  artifactregistry: required API artifactregistry.googleapis.com is enabled 
[debug] [2026-05-15T05:22:10.224Z] Checked if tokens are valid: true, expires at: 1778826111760
[debug] [2026-05-15T05:22:10.224Z] Checked if tokens are valid: true, expires at: 1778826111760
[debug] [2026-05-15T05:22:10.224Z] >>> [apiv2][query] GET https://firebase.googleapis.com/v1beta1/projects/daily-net-95d28/adminSdkConfig [none]
[debug] [2026-05-15T05:22:10.652Z] <<< [apiv2][status] GET https://firebase.googleapis.com/v1beta1/projects/daily-net-95d28/adminSdkConfig 200
[debug] [2026-05-15T05:22:10.652Z] <<< [apiv2][body] GET https://firebase.googleapis.com/v1beta1/projects/daily-net-95d28/adminSdkConfig {"projectId":"daily-net-95d28","storageBucket":"daily-net-95d28.firebasestorage.app"}
[debug] [2026-05-15T05:22:10.654Z] Validating nodejs source
[warn] !  functions: Couldn't find firebase-functions package in your source code. Have you run 'npm install'? 
[debug] [2026-05-15T05:22:10.656Z] getFunctionsSDKVersion encountered error: Cannot find module 'firebase-functions'
Require stack:
- C:\Users\x1682\AppData\Roaming\npm\node_modules\firebase-tools\lib\deploy\functions\runtimes\node\versioning.js
- C:\Users\x1682\AppData\Roaming\npm\node_modules\firebase-tools\lib\deploy\functions\runtimes\node\index.js
- C:\Users\x1682\AppData\Roaming\npm\node_modules\firebase-tools\lib\deploy\functions\runtimes\index.js
- C:\Users\x1682\AppData\Roaming\npm\node_modules\firebase-tools\lib\deploy\functions\prepare.js
- C:\Users\x1682\AppData\Roaming\npm\node_modules\firebase-tools\lib\emulator\functionsEmulatorShared.js
- C:\Users\x1682\AppData\Roaming\npm\node_modules\firebase-tools\lib\frameworks\index.js
- C:\Users\x1682\AppData\Roaming\npm\node_modules\firebase-tools\lib\deploy\hosting\prepare.js
- C:\Users\x1682\AppData\Roaming\npm\node_modules\firebase-tools\lib\deploy\hosting\index.js
- C:\Users\x1682\AppData\Roaming\npm\node_modules\firebase-tools\lib\deploy\index.js
- C:\Users\x1682\AppData\Roaming\npm\node_modules\firebase-tools\lib\commands\deploy.js
- C:\Users\x1682\AppData\Roaming\npm\node_modules\firebase-tools\lib\commands\index.js
- C:\Users\x1682\AppData\Roaming\npm\node_modules\firebase-tools\lib\index.js
- C:\Users\x1682\AppData\Roaming\npm\node_modules\firebase-tools\lib\bin\cli.js
- C:\Users\x1682\AppData\Roaming\npm\node_modules\firebase-tools\lib\bin\firebase.js {"code":"MODULE_NOT_FOUND","requireStack":["C:\\Users\\x1682\\AppData\\Roaming\\npm\\node_modules\\firebase-tools\\lib\\deploy\\functions\\runtimes\\node\\versioning.js","C:\\Users\\x1682\\AppData\\Roaming\\npm\\node_modules\\firebase-tools\\lib\\deploy\\functions\\runtimes\\node\\index.js","C:\\Users\\x1682\\AppData\\Roaming\\npm\\node_modules\\firebase-tools\\lib\\deploy\\functions\\runtimes\\index.js","C:\\Users\\x1682\\AppData\\Roaming\\npm\\node_modules\\firebase-tools\\lib\\deploy\\functions\\prepare.js","C:\\Users\\x1682\\AppData\\Roaming\\npm\\node_modules\\firebase-tools\\lib\\emulator\\functionsEmulatorShared.js","C:\\Users\\x1682\\AppData\\Roaming\\npm\\node_modules\\firebase-tools\\lib\\frameworks\\index.js","C:\\Users\\x1682\\AppData\\Roaming\\npm\\node_modules\\firebase-tools\\lib\\deploy\\hosting\\prepare.js","C:\\Users\\x1682\\AppData\\Roaming\\npm\\node_modules\\firebase-tools\\lib\\deploy\\hosting\\index.js","C:\\Users\\x1682\\AppData\\Roaming\\npm\\node_modules\\firebase-tools\\lib\\deploy\\index.js","C:\\Users\\x1682\\AppData\\Roaming\\npm\\node_modules\\firebase-tools\\lib\\commands\\deploy.js","C:\\Users\\x1682\\AppData\\Roaming\\npm\\node_modules\\firebase-tools\\lib\\commands\\index.js","C:\\Users\\x1682\\AppData\\Roaming\\npm\\node_modules\\firebase-tools\\lib\\index.js","C:\\Users\\x1682\\AppData\\Roaming\\npm\\node_modules\\firebase-tools\\lib\\bin\\cli.js","C:\\Users\\x1682\\AppData\\Roaming\\npm\\node_modules\\firebase-tools\\lib\\bin\\firebase.js"]}
[debug] [2026-05-15T05:22:10.657Z] checkFunctionsSDKVersion encountered error: Invalid Version:  {}
[debug] [2026-05-15T05:22:10.658Z] > [functions] package.json contents: {
  "name": "functions",
  "description": "Cloud Functions for Firebase",
  "scripts": {
    "serve": "firebase emulators:start --only functions",
    "shell": "firebase functions:shell",
    "start": "npm run shell",
    "deploy": "firebase deploy --only functions",
    "logs": "firebase functions:log"
  },
  "engines": {
    "node": "24"
  },
  "main": "index.js",
  "dependencies": {
    "@google/generative-ai": "^0.24.1",
    "firebase-admin": "^13.6.0",
    "firebase-functions": "^7.0.0"
  },
  "devDependencies": {
    "firebase-functions-test": "^3.4.1"
  },
  "private": true
}
[debug] [2026-05-15T05:22:10.658Z] Building nodejs source
[info] i  functions: Loading and analyzing source code for codebase default to determine what to deploy 
[debug] [2026-05-15T05:22:10.659Z] Could not parse firebase-functions version '' into semver.
[debug] [2026-05-15T05:22:10.660Z] Could not find functions.yaml. Must use http discovery
[debug] [2026-05-15T05:22:10.843Z] Error: Cannot find module 'firebase-functions'
Require stack:
- C:\Users\x1682\AppData\Roaming\npm\node_modules\firebase-tools\lib\deploy\functions\runtimes\node\index.js
- C:\Users\x1682\AppData\Roaming\npm\node_modules\firebase-tools\lib\deploy\functions\runtimes\index.js
- C:\Users\x1682\AppData\Roaming\npm\node_modules\firebase-tools\lib\deploy\functions\prepare.js
- C:\Users\x1682\AppData\Roaming\npm\node_modules\firebase-tools\lib\emulator\functionsEmulatorShared.js
- C:\Users\x1682\AppData\Roaming\npm\node_modules\firebase-tools\lib\frameworks\index.js
- C:\Users\x1682\AppData\Roaming\npm\node_modules\firebase-tools\lib\deploy\hosting\prepare.js
- C:\Users\x1682\AppData\Roaming\npm\node_modules\firebase-tools\lib\deploy\hosting\index.js
- C:\Users\x1682\AppData\Roaming\npm\node_modules\firebase-tools\lib\deploy\index.js
- C:\Users\x1682\AppData\Roaming\npm\node_modules\firebase-tools\lib\commands\deploy.js
- C:\Users\x1682\AppData\Roaming\npm\node_modules\firebase-tools\lib\commands\index.js
- C:\Users\x1682\AppData\Roaming\npm\node_modules\firebase-tools\lib\index.js
- C:\Users\x1682\AppData\Roaming\npm\node_modules\firebase-tools\lib\bin\cli.js
- C:\Users\x1682\AppData\Roaming\npm\node_modules\firebase-tools\lib\bin\firebase.js
    at Module._resolveFilename (node:internal/modules/cjs/loader:1476:15)
    at wrapResolveFilename (node:internal/modules/cjs/loader:1049:27)
    at resolveForCJSWithHooks (node:internal/modules/cjs/loader:1094:12)
    at require.resolve (node:internal/modules/helpers:171:31)
    at Delegate.findFunctionsBinary (C:\Users\x1682\AppData\Roaming\npm\node_modules\firebase-tools\lib\deploy\functions\runtimes\node\index.js:101:33)
    at Delegate.spawnFunctionsProcess (C:\Users\x1682\AppData\Roaming\npm\node_modules\firebase-tools\lib\deploy\functions\runtimes\node\index.js:131:30)
    at Delegate.serveAdmin (C:\Users\x1682\AppData\Roaming\npm\node_modules\firebase-tools\lib\deploy\functions\runtimes\node\index.js:152:35)
    at Delegate.discoverBuild (C:\Users\x1682\AppData\Roaming\npm\node_modules\firebase-tools\lib\deploy\functions\runtimes\node\index.js:192:41)
    at process.processTicksAndRejections (node:internal/process/task_queues:104:5)
    at async loadCodebases (C:\Users\x1682\AppData\Roaming\npm\node_modules\firebase-tools\lib\deploy\functions\prepare.js:491:33)
[error] 
[error] Error: An unexpected error has occurred.
